Script started on Fri 19 Oct 2018 04:54:01 PM EDT
[?1034hbash-4.2$ uname -a
Linux zeus-2 3.10.0-862.14.4.el7.x86_64 #1 SMP Wed Sep 26 15:12:11 UTC 2018 x86_64 x86_64 x86_64 GNU/Linux
bash-4.2$ date
Fri Oct 19 16:54:10 EDT 2018
bash-4.2$ make clean
rm lab7_jshehad_212
bash-4.2$ cat Makefile 
# Jihad Shehadeh G00986964
# CS 262, Lab Section 212
# Lab 7 
# The compiler: gcc for C programs, g++ for C++ programs, etc

CC = gcc

CFLAGS=-g -Wall

TARGET = lab7_jshehad_212

all = ${TARGET}

${TARGET}: ${TARGET}.c
	${CC} ${CFLAGS} -o ${TARGET} ${TARGET}.c -pedantic-errors

clean:
	rm ${TARGET}
bash-4.2$ cat lab7_jshehad_212.c 
#include <stdio.h>
#include <stdlib.h>
#include <string.h>

int findNextSpace(char* s, int len, int st) {
	int i;
	for (i = st + 1; i < len; ++i)
		if (s[i] == ' ')
			return i;
	return i;
}

void printString(char* s) {
	int len = strlen(s), line = 0;
	for (int i = 0; i < len;) {
		int j = findNextSpace(s, len, i);
		if (line + j - i + 1 > 80) {
			printf("\n"), line = 0;
			if (s[i] == ' ')
				++i;
		}
		line += j - i;
		while (i < j)
			printf("%c", s[i++]);
	}
}

void printInfo(char* name, char* labSection) {
	printString("Name: ");
	printString(name);
	puts("");
	printf("Lab Section: ");
	printString(labSection);
	puts("");
}

void progDescription() {
	printString("This program creates an array of numbers and prints it, a"
			" permutation of that array and prints that, and sorts the array"
			" descendigly using qsort function and prints the sorted array");
	puts("");
}

void initializeArray(int* s, const int N) {
	for (int i = 0; i < N; ++i)
		s[i] = i + 1;
}

int numDigit(int x) {
	int ret = 0;
	while (x) {
		ret++;
		x /= 10;
	}
	return ret;
}

void printArray(int* s, const int N) {
	int line = 0;
	for (int i = 0; i < N; ++i) {
		int nd = numDigit(s[i]);
		if (line + nd + 1 > 80) {
			printf("\n");
			line = 0;
		}
		line += nd + 1;
		printf("%d ", s[i]);
	}
}

void shuffleArray(int* a, int n) {
	for (int i = n - 1; i; --i) {
		int di = random() % (i + 1);
		// swapping
		int tmp = a[di];
		a[di] = a[i];
		a[i] = tmp;
	}
}

int compare(const void* a, const void* b) {
	return (*(int*) b - *(int*) a);
}

int main(int argc, char* argv[]) {
	if (argc != 3) {
		printf("\n%s <seed> <N>\n", argv[0]);
		exit(1);
	}

	int seed, N;
	sscanf(argv[1], "%d", &seed);
	sscanf(argv[2], "%d", &N);

	//pass your name and lab section
	printInfo("Jihad", "212");
	progDescription();

	int* numArray = (int*) malloc(sizeof(int) * N);
	srandom(seed);

	puts("\n------------------------------------------\n");
	for (int i = 0; i < 10; ++i) {
		printf("Iteration: %d\n\n", i+1);
		puts("PRE SHUFFLING: ");
		initializeArray(numArray, N);
		printArray(numArray, N);
		puts("");
		puts("");

		puts("POST SHUFFLING: ");
		shuffleArray(numArray, N);
		printArray(numArray, N);
		puts("");
		puts("");

		puts("POST SORTING: ");
		qsort(numArray, N, sizeof(int), compare);
		printArray(numArray, N);
		puts("");
		puts("");
		puts("------------------------------------------");
	}
}
bash-4.2$ lab7_jshehadeh[K[K_212 5 10
bash: lab7_jshehad_212: command not found
bash-4.2$ make
gcc -g -Wall -o lab7_jshehad_212 lab7_jshehad_212.c -pedantic-errors
bash-4.2$ l[Kmakelab7_jshehad_212 5 10
Name: Jihad
Lab Section: 212
This program creates an array of numbers and prints it, a permutation of that
array and prints that, and sorts the array descendigly using qsort function and
prints the sorted array

------------------------------------------

Iteration: 1

PRE SHUFFLING: 
1 2 3 4 5 6 7 8 9 10 

POST SHUFFLING: 
5 2 4 1 9 7 8 3 10 6 

POST SORTING: 
10 9 8 7 6 5 4 3 2 1 

------------------------------------------
Iteration: 2

PRE SHUFFLING: 
1 2 3 4 5 6 7 8 9 10 

POST SHUFFLING: 
3 4 10 5 6 8 7 9 1 2 

POST SORTING: 
10 9 8 7 6 5 4 3 2 1 

------------------------------------------
Iteration: 3

PRE SHUFFLING: 
1 2 3 4 5 6 7 8 9 10 

POST SHUFFLING: 
1 2 3 5 6 4 8 7 10 9 

POST SORTING: 
10 9 8 7 6 5 4 3 2 1 

------------------------------------------
Iteration: 4

PRE SHUFFLING: 
1 2 3 4 5 6 7 8 9 10 

POST SHUFFLING: 
3 2 7 1 5 10 9 8 6 4 

POST SORTING: 
10 9 8 7 6 5 4 3 2 1 

------------------------------------------
Iteration: 5

PRE SHUFFLING: 
1 2 3 4 5 6 7 8 9 10 

POST SHUFFLING: 
7 4 9 2 8 6 5 3 10 1 

POST SORTING: 
10 9 8 7 6 5 4 3 2 1 

------------------------------------------
Iteration: 6

PRE SHUFFLING: 
1 2 3 4 5 6 7 8 9 10 

POST SHUFFLING: 
3 6 9 5 7 2 10 8 1 4 

POST SORTING: 
10 9 8 7 6 5 4 3 2 1 

------------------------------------------
Iteration: 7

PRE SHUFFLING: 
1 2 3 4 5 6 7 8 9 10 

POST SHUFFLING: 
8 1 10 3 7 6 5 2 4 9 

POST SORTING: 
10 9 8 7 6 5 4 3 2 1 

------------------------------------------
Iteration: 8

PRE SHUFFLING: 
1 2 3 4 5 6 7 8 9 10 

POST SHUFFLING: 
7 1 2 3 10 4 6 9 5 8 

POST SORTING: 
10 9 8 7 6 5 4 3 2 1 

------------------------------------------
Iteration: 9

PRE SHUFFLING: 
1 2 3 4 5 6 7 8 9 10 

POST SHUFFLING: 
9 6 3 10 4 5 7 2 1 8 

POST SORTING: 
10 9 8 7 6 5 4 3 2 1 

------------------------------------------
Iteration: 10

PRE SHUFFLING: 
1 2 3 4 5 6 7 8 9 10 

POST SHUFFLING: 
4 10 6 5 2 1 3 7 9 8 

POST SORTING: 
10 9 8 7 6 5 4 3 2 1 

------------------------------------------
bash-4.2$ make clean
rm lab7_jshehad_212
bash-4.2$ exit

Script done on Fri 19 Oct 2018 04:55:40 PM EDT
